// Jest Snapshot v1, https://goo.gl/fbAQLP

exports[`Jest Snapshot testing suite Matches DOM Snapshot 1`] = `
<div>
  <div
    className="flex h-screen items-center"
  >
    <div
      className="bg-ibex-pattern bg-cover bg-center h-screen w-screen fixed"
    >
      <div
        className="flex h-screen items-center bg-gradient-to-r from-black via-indigo-900"
      />
    </div>
    <div
      className="w-1/12 px-1 border-r"
    >
      <a
        className="inline-block text-blue-300 no-underline hover:text-orange-400 hover:text-underline text-center md:h-auto md:p-4 transform hover:scale-125 duration-200 ease-in-out"
        href="https://twitter.com/ibex_labs"
      >
        <svg
          className="fill-current h-12"
          viewBox="0 0 32 32"
          xmlns="http://www.w3.org/2000/svg"
        >
          <path
            d="M30.063 7.313c-.813 1.125-1.75 2.125-2.875 2.938v.75c0 1.563-.188 3.125-.688 4.625a15.088 15.088 0 0 1-2.063 4.438c-.875 1.438-2 2.688-3.25 3.813a15.015 15.015 0 0 1-4.625 2.563c-1.813.688-3.75 1-5.75 1-3.25 0-6.188-.875-8.875-2.625.438.063.875.125 1.375.125 2.688 0 5.063-.875 7.188-2.5-1.25 0-2.375-.375-3.375-1.125s-1.688-1.688-2.063-2.875c.438.063.813.125 1.125.125.5 0 1-.063 1.5-.25-1.313-.25-2.438-.938-3.313-1.938a5.673 5.673 0 0 1-1.313-3.688v-.063c.813.438 1.688.688 2.625.688a5.228 5.228 0 0 1-1.875-2c-.5-.875-.688-1.813-.688-2.75 0-1.063.25-2.063.75-2.938 1.438 1.75 3.188 3.188 5.25 4.25s4.313 1.688 6.688 1.813a5.579 5.579 0 0 1 1.5-5.438c1.125-1.125 2.5-1.688 4.125-1.688s3.063.625 4.188 1.813a11.48 11.48 0 0 0 3.688-1.375c-.438 1.375-1.313 2.438-2.563 3.188 1.125-.125 2.188-.438 3.313-.875z"
          />
        </svg>
      </a>
    </div>
    <div
      className="w-11/12 h-screen"
    >
      <div
        className="relative p-9 text-center  text-white"
      >
        <h2
          className="text-8xl font-bold leading-7 sm:tracking-tight"
        >
          Blue Ibex DAO
        </h2>
        <h3
          className="text-4xl font-thin pt-6 "
        >
          The Defi for Everyone
        </h3>
      </div>
      <div
        className="flex flex-row float-left"
      >
        <div
          className="flex flex-col md:grid mx-auto p-1 text-blue-50 z-0"
        >
          <div
            className="flex md:contents"
          >
            <div
              className="col-start-5 col-end-6 mr-10 md:mx-auto relative"
            >
              <div
                className="h-full w-6 flex items-center justify-center"
              >
                <div
                  className="h-full w-1 bg-white pointer-events-none"
                />
              </div>
              <div
                className="w-6 h-6 absolute top-1/2 -mt-3 rounded-full bg-blue-500 shadow"
              />
            </div>
            <div
              className="bg-indigo-300 col-start-6 col-end-10 p-4 rounded-xl my-4 mr-auto shadow-md"
            >
              <h3
                className="font-semibold text-lg mb-1"
              >
                Q1, 2023
              </h3>
              <p
                className="leading-tight text-justify"
              >
                Build the team. Deliver first MVP
              </p>
            </div>
          </div>
          <div
            className="flex md:contents"
          >
            <div
              className="bg-indigo-300 col-start-1 col-end-5 p-4 rounded-xl my-4 ml-auto"
            >
              <h3
                className="font-semibold text-lg mb-1"
              >
                Q2, 2023
              </h3>
              <p
                className="leading-tight text-justify"
              >
                Build the Blue Ibex DAO. Start Memberships
              </p>
            </div>
            <div
              className="col-start-5 col-end-6 md:mx-auto relative mr-10"
            >
              <div
                className="h-full w-6 flex items-center justify-center"
              >
                <div
                  className="h-full w-1 bg-slate-50 pointer-events-none"
                />
              </div>
              <div
                className="w-6 h-6 absolute top-1/2 -mt-3 rounded-full bg-blue-500 shadow"
              />
            </div>
          </div>
          <div
            className="flex md:contents"
          >
            <div
              className="col-start-5 col-end-6 mr-10 md:mx-auto relative"
            >
              <div
                className="h-full w-6 flex items-center justify-center"
              >
                <div
                  className="h-full w-1 bg-blue-800 pointer-events-none"
                />
              </div>
              <div
                className="w-6 h-6 absolute top-1/2 -mt-3 rounded-full bg-blue-500 shadow"
              />
            </div>
            <div
              className="bg-indigo-300  col-start-6 col-end-10 p-4 rounded-xl my-4 mr-auto shadow-md"
            >
              <h3
                className="font-semibold text-lg mb-1"
              >
                Q3, 2023
              </h3>
              <p
                className="leading-tight text-justify"
              >
                TBD
              </p>
            </div>
          </div>
          <div
            className="flex md:contents"
          >
            <div
              className="col-start-5 col-end-6 mr-10 md:mx-auto relative"
            >
              <div
                className="h-full w-6 flex items-center justify-center"
              >
                <div
                  className="h-full w-1 bg-blue-800 pointer-events-none"
                />
              </div>
              <div
                className="w-6 h-6 absolute top-1/2 -mt-3 rounded-full bg-blue-500 shadow"
              />
            </div>
            <div
              className="bg-indigo-300 col-start-6 col-end-10 p-4 rounded-xl my-4 mr-auto shadow-md"
            >
              <h3
                className="font-semibold text-lg mb-1"
              >
                Q3, 2023
              </h3>
              <p
                className="leading-tight text-justify"
              >
                TBD
              </p>
            </div>
          </div>
          <div
            className="flex md:contents"
          >
            <div
              className="col-start-5 col-end-6 mr-10 md:mx-auto relative"
            >
              <div
                className="h-full w-6 flex items-center justify-center"
              >
                <div
                  className="h-full w-1 bg-blue-800 pointer-events-none"
                />
              </div>
              <div
                className="w-6 h-6 absolute top-1/2 -mt-3 rounded-full bg-blue-500 shadow"
              />
            </div>
            <div
              className="bg-indigo-300 col-start-6 col-end-10 p-4 rounded-xl my-4 mr-auto shadow-md"
            >
              <h3
                className="font-semibold text-lg mb-1"
              >
                Q3, 2023
              </h3>
              <p
                className="leading-tight text-justify"
              >
                TBD
              </p>
            </div>
          </div>
          <div
            className="flex md:contents"
          >
            <div
              className="col-start-5 col-end-6 mr-10 md:mx-auto relative"
            >
              <div
                className="h-full w-6 flex items-center justify-center"
              >
                <div
                  className="h-full w-1 bg-blue-800 pointer-events-none"
                />
              </div>
              <div
                className="w-6 h-6 absolute top-1/2 -mt-3 rounded-full bg-blue-500 shadow"
              />
            </div>
            <div
              className="bg-indigo-300 col-start-6 col-end-10 p-4 rounded-xl my-4 mr-auto shadow-md"
            >
              <h3
                className="font-semibold text-lg mb-1"
              >
                Q3, 2023
              </h3>
              <p
                className="leading-tight text-justify"
              >
                TBD
              </p>
            </div>
          </div>
          <div
            className="flex md:contents"
          >
            <div
              className="col-start-5 col-end-6 mr-10 md:mx-auto relative"
            >
              <div
                className="h-full w-6 flex items-center justify-center"
              >
                <div
                  className="h-full w-1 bg-blue-800 pointer-events-none"
                />
              </div>
              <div
                className="w-6 h-6 absolute top-1/2 -mt-3 rounded-full bg-blue-500 shadow"
              />
            </div>
            <div
              className="bg-indigo-300 col-start-6 col-end-10 p-4 rounded-xl my-4 mr-auto shadow-md"
            >
              <h3
                className="font-semibold text-lg mb-1"
              >
                Q3, 2023
              </h3>
              <p
                className="leading-tight text-justify"
              >
                TBD
              </p>
            </div>
          </div>
          <div
            className="flex md:contents"
          >
            <div
              className="col-start-5 col-end-6 mr-10 md:mx-auto relative"
            >
              <div
                className="h-full w-6 flex items-center justify-center"
              >
                <div
                  className="h-full w-1 bg-blue-800 pointer-events-none"
                />
              </div>
              <div
                className="w-6 h-6 absolute top-1/2 -mt-3 rounded-full bg-blue-500 shadow"
              />
            </div>
            <div
              className="bg-indigo-300 col-start-6 col-end-10 p-4 rounded-xl my-4 mr-auto shadow-md"
            >
              <h3
                className="font-semibold text-lg mb-1"
              >
                Q3, 2023
              </h3>
              <p
                className="leading-tight text-justify"
              >
                TBD
              </p>
            </div>
          </div>
          <div
            className="flex md:contents"
          >
            <div
              className="col-start-5 col-end-6 mr-10 md:mx-auto relative"
            >
              <div
                className="h-full w-6 flex items-center justify-center"
              >
                <div
                  className="h-full w-1 bg-blue-800 pointer-events-none"
                />
              </div>
              <div
                className="w-6 h-6 absolute top-1/2 -mt-3 rounded-full bg-blue-500 shadow"
              />
            </div>
            <div
              className="bg-indigo-300 col-start-6 col-end-10 p-4 rounded-xl my-4 mr-auto shadow-md"
            >
              <h3
                className="font-semibold text-lg mb-1"
              >
                Q3, 2023
              </h3>
              <p
                className="leading-tight text-justify"
              >
                TBD
              </p>
            </div>
          </div>
        </div>
      </div>
    </div>
  </div>
</div>
`;
